vlib/v/checker/tests/mul_op_wrong_type_err.vv:5:13: error: mismatched types `Aaa` and `untyped int`
    3 | struct Aaa{}
    4 | fn main() {
    5 |     println(Aaa{} * 10)
      |             ~~~~~
    6 |     println(10 * Aaa{})
    7 |     println([1,2,3] * 10)
vlib/v/checker/tests/mul_op_wrong_type_err.vv:6:18: error: mismatched types `untyped int` and `Aaa`
    4 | fn main() {
    5 |     println(Aaa{} * 10)
    6 |     println(10 * Aaa{})
      |                  ~~~~~
    7 |     println([1,2,3] * 10)
    8 |     println(10 * [1,2,3])
vlib/v/checker/tests/mul_op_wrong_type_err.vv:7:13: error: mismatched types `[]int` and `untyped int`
    5 |     println(Aaa{} * 10)
    6 |     println(10 * Aaa{})
    7 |     println([1,2,3] * 10)
      |             ~~~~~~~
    8 |     println(10 * [1,2,3])
    9 |     a := map[string]int
vlib/v/checker/tests/mul_op_wrong_type_err.vv:8:18: error: mismatched types `untyped int` and `[]int`
    6 |     println(10 * Aaa{})
    7 |     println([1,2,3] * 10)
    8 |     println(10 * [1,2,3])
      |                  ~~~~~~~
    9 |     a := map[string]int
   10 |     println(a * 10)
vlib/v/checker/tests/mul_op_wrong_type_err.vv:10:13: error: mismatched types `map[string]int` and `untyped int`
    8 |     println(10 * [1,2,3])
    9 |     a := map[string]int
   10 |     println(a * 10)
      |             ^
   11 |     println(10 * a)
   12 |     c1 := cmplx.complex(1,-2)
vlib/v/checker/tests/mul_op_wrong_type_err.vv:11:18: error: mismatched types `untyped int` and `map[string]int`
    9 |     a := map[string]int
   10 |     println(a * 10)
   11 |     println(10 * a)
      |                  ^
   12 |     c1 := cmplx.complex(1,-2)
   13 |     c2 := c1 * 2.0
vlib/v/checker/tests/mul_op_wrong_type_err.vv:13:11: error: infix expr: cannot use `untyped float` (right expression) as `math.complex.Complex`
   11 |     println(10 * a)
   12 |     c1 := cmplx.complex(1,-2)
   13 |     c2 := c1 * 2.0
      |              ^
   14 |     println(c2)
   15 |     c3 := 2.0 * c1
vlib/v/checker/tests/mul_op_wrong_type_err.vv:15:12: error: infix expr: cannot use `math.complex.Complex` (right expression) as `untyped float`
   13 |     c2 := c1 * 2.0
   14 |     println(c2)
   15 |     c3 := 2.0 * c1
      |               ^
   16 |     println(c3)
   17 | }
